{"mode": "refinement_smoke", "completed": 1, "planned": 45, "family": "adaptive_threshold", "elapsed_seconds": 1.67}
{"mode": "refinement_smoke", "completed": 2, "planned": 45, "family": "hybrid_threshold", "elapsed_seconds": 2.33}
{"mode": "refinement_smoke", "completed": 3, "planned": 45, "family": "blob", "elapsed_seconds": 2.5}
{"mode": "refinement_smoke", "completed": 4, "planned": 45, "family": "adaptive_threshold", "elapsed_seconds": 2.81}
{"mode": "refinement_smoke", "completed": 5, "planned": 45, "family": "hybrid_threshold", "elapsed_seconds": 3.28}
{"mode": "refinement_smoke", "completed": 6, "planned": 45, "family": "adaptive_threshold", "elapsed_seconds": 3.49}
{"mode": "refinement_smoke", "completed": 7, "planned": 45, "family": "hybrid_threshold", "elapsed_seconds": 3.72}
{"mode": "refinement_smoke", "completed": 8, "planned": 45, "family": "blob", "elapsed_seconds": 3.98}
{"mode": "refinement_smoke", "completed": 9, "planned": 45, "family": "adaptive_threshold", "elapsed_seconds": 4.47}
{"mode": "refinement_smoke", "completed": 10, "planned": 45, "family": "otsu", "elapsed_seconds": 4.65}
{"mode": "refinement_smoke", "completed": 11, "planned": 45, "family": "blob", "elapsed_seconds": 4.82}
{"mode": "refinement_smoke", "completed": 12, "planned": 45, "family": "otsu", "elapsed_seconds": 4.96}
{"mode": "refinement_smoke", "completed": 13, "planned": 45, "family": "watershed", "elapsed_seconds": 5.26}
{"mode": "refinement_smoke", "completed": 14, "planned": 45, "family": "hybrid_threshold", "elapsed_seconds": 5.63}
{"mode": "refinement_smoke", "completed": 15, "planned": 45, "family": "adaptive_threshold", "elapsed_seconds": 5.93}
{"mode": "refinement_smoke", "completed": 16, "planned": 45, "family": "hybrid_threshold", "elapsed_seconds": 6.42}
{"mode": "refinement_smoke", "completed": 17, "planned": 45, "family": "hybrid_threshold", "elapsed_seconds": 7.57}
{"mode": "refinement_smoke", "completed": 18, "planned": 45, "family": "watershed", "elapsed_seconds": 8.16}
{"mode": "refinement_smoke", "completed": 19, "planned": 45, "family": "watershed", "elapsed_seconds": 8.72}
{"mode": "refinement_smoke", "completed": 20, "planned": 45, "family": "hybrid_threshold", "elapsed_seconds": 9.45}
{"mode": "refinement_smoke", "completed": 21, "planned": 45, "family": "adaptive_threshold", "elapsed_seconds": 10.22}
{"mode": "refinement_smoke", "completed": 22, "planned": 45, "family": "hybrid_threshold", "elapsed_seconds": 10.61}
{"mode": "refinement_smoke", "completed": 23, "planned": 45, "family": "adaptive_threshold", "elapsed_seconds": 10.83}
{"mode": "refinement_smoke", "completed": 24, "planned": 45, "family": "hybrid_threshold", "elapsed_seconds": 11.06}
{"mode": "refinement_smoke", "completed": 25, "planned": 45, "family": "hybrid_threshold", "elapsed_seconds": 11.73}
{"mode": "refinement_smoke", "completed": 26, "planned": 45, "family": "watershed", "elapsed_seconds": 12.12}
{"mode": "refinement_smoke", "completed": 27, "planned": 45, "family": "otsu", "elapsed_seconds": 12.49}
{"mode": "refinement_smoke", "completed": 28, "planned": 45, "family": "adaptive_threshold", "elapsed_seconds": 13.48}
{"mode": "refinement_smoke", "completed": 29, "planned": 45, "family": "adaptive_threshold", "elapsed_seconds": 13.88}
{"mode": "refinement_smoke", "completed": 30, "planned": 45, "family": "watershed", "elapsed_seconds": 14.32}
{"mode": "refinement_smoke", "completed": 31, "planned": 45, "family": "blob", "elapsed_seconds": 14.44}
{"mode": "refinement_smoke", "completed": 32, "planned": 45, "family": "blob", "elapsed_seconds": 14.82}
{"mode": "refinement_smoke", "completed": 33, "planned": 45, "family": "watershed", "elapsed_seconds": 15.12}
{"mode": "refinement_smoke", "completed": 34, "planned": 45, "family": "otsu", "elapsed_seconds": 15.23}
{"mode": "refinement_smoke", "completed": 35, "planned": 45, "family": "hybrid_threshold", "elapsed_seconds": 15.45}
{"mode": "refinement_smoke", "completed": 36, "planned": 45, "family": "otsu", "elapsed_seconds": 15.85}
{"mode": "refinement_smoke", "completed": 37, "planned": 45, "family": "blob", "elapsed_seconds": 15.95}
{"mode": "refinement_smoke", "completed": 38, "planned": 45, "family": "otsu", "elapsed_seconds": 16.08}
{"mode": "refinement_smoke", "completed": 39, "planned": 45, "family": "adaptive_threshold", "elapsed_seconds": 16.96}
{"mode": "refinement_smoke", "completed": 40, "planned": 45, "family": "adaptive_threshold", "elapsed_seconds": 17.15}
{"mode": "refinement_smoke", "completed": 41, "planned": 45, "family": "adaptive_threshold", "elapsed_seconds": 18.18}
{"mode": "refinement_smoke", "completed": 42, "planned": 45, "family": "adaptive_threshold", "elapsed_seconds": 18.41}
{"mode": "refinement_smoke", "completed": 43, "planned": 45, "family": "otsu", "elapsed_seconds": 18.55}
{"mode": "refinement_smoke", "completed": 44, "planned": 45, "family": "otsu", "elapsed_seconds": 18.66}
{"mode": "refinement_smoke", "completed": 45, "planned": 45, "family": "watershed", "elapsed_seconds": 19.04}
{"batch_manifest": "C:\\Users\\leand\\Documents\\ufu\\2026_01\\TCC\\my_tcc\\data\\tests\\detection\\classical_refinement\\classical_detection_refinement_v1_20260911_batch__cfgbb5d8f3d\\refinement_smoke\\20260911T155359968734Z__ca68f16__cfgdaf9ba2439c6__srcf2ecb55da1__s42\\manifest.json", "mode": "refinement_smoke", "complete": true, "plan_hash": "89b2b7e88c99f16d7016d17a6197cba266ce53f0706d357b016473cc6e5b5d15", "sample_hash": "77ad9cbda76c03d61f3b28dd99520d0c1d6e285452929d847742bc6331473478", "completed_candidates": 45, "frames_per_candidate": 12, "frame_evaluations": 540, "cache_validation_seconds": 4.7168486000000485, "parent_validation_seconds": 2.9935828999996374, "candidate_loop_seconds": 18.054145199999766, "selection_allowed": false, "promotion_allowed": false, "validation_released": false, "historical_threshold_reference_reexecuted": false, "parent_parity_controls": 10, "wall_seconds_limit": null, "candidate_artifact_bytes": 9787290, "interpretation": "smoke_no_selection", "resource_samples": 633, "ram_rss_peak_mb": 69.562, "vram_allocated_peak_mb": null, "vram_reserved_peak_mb": null}
