{"verification_candidate": 1, "planned": 45, "configuration_id": "adaptive_threshold_refinement_v1_011"}
{"verification_candidate": 2, "planned": 45, "configuration_id": "hybrid_threshold_refinement_v1_001"}
{"verification_candidate": 3, "planned": 45, "configuration_id": "blob_refinement_v1_005"}
{"verification_candidate": 4, "planned": 45, "configuration_id": "adaptive_threshold_refinement_v1_003"}
{"verification_candidate": 5, "planned": 45, "configuration_id": "hybrid_threshold_refinement_v1_003"}
{"verification_candidate": 6, "planned": 45, "configuration_id": "adaptive_threshold_refinement_v1_002"}
{"verification_candidate": 7, "planned": 45, "configuration_id": "hybrid_threshold_refinement_v1_008"}
{"verification_candidate": 8, "planned": 45, "configuration_id": "blob_refinement_v1_001"}
{"verification_candidate": 9, "planned": 45, "configuration_id": "adaptive_threshold_refinement_v1_005"}
{"verification_candidate": 10, "planned": 45, "configuration_id": "otsu_refinement_v1_004"}
{"verification_candidate": 11, "planned": 45, "configuration_id": "blob_refinement_v1_002"}
{"verification_candidate": 12, "planned": 45, "configuration_id": "otsu_refinement_v1_005"}
{"verification_candidate": 13, "planned": 45, "configuration_id": "watershed_refinement_v1_007"}
{"verification_candidate": 14, "planned": 45, "configuration_id": "hybrid_threshold_refinement_v1_004"}
{"verification_candidate": 15, "planned": 45, "configuration_id": "adaptive_threshold_refinement_v1_004"}
{"verification_candidate": 16, "planned": 45, "configuration_id": "hybrid_threshold_refinement_v1_011"}
{"verification_candidate": 17, "planned": 45, "configuration_id": "hybrid_threshold_refinement_v1_006"}
{"verification_candidate": 18, "planned": 45, "configuration_id": "watershed_refinement_v1_001"}
{"verification_candidate": 19, "planned": 45, "configuration_id": "watershed_refinement_v1_002"}
{"verification_candidate": 20, "planned": 45, "configuration_id": "hybrid_threshold_refinement_v1_009"}
{"verification_candidate": 21, "planned": 45, "configuration_id": "adaptive_threshold_refinement_v1_006"}
{"verification_candidate": 22, "planned": 45, "configuration_id": "hybrid_threshold_refinement_v1_005"}
{"verification_candidate": 23, "planned": 45, "configuration_id": "adaptive_threshold_refinement_v1_013"}
{"verification_candidate": 24, "planned": 45, "configuration_id": "hybrid_threshold_refinement_v1_002"}
{"verification_candidate": 25, "planned": 45, "configuration_id": "hybrid_threshold_refinement_v1_010"}
{"verification_candidate": 26, "planned": 45, "configuration_id": "watershed_refinement_v1_004"}
{"verification_candidate": 27, "planned": 45, "configuration_id": "otsu_refinement_v1_001"}
{"verification_candidate": 28, "planned": 45, "configuration_id": "adaptive_threshold_refinement_v1_012"}
{"verification_candidate": 29, "planned": 45, "configuration_id": "adaptive_threshold_refinement_v1_009"}
{"verification_candidate": 30, "planned": 45, "configuration_id": "watershed_refinement_v1_006"}
{"verification_candidate": 31, "planned": 45, "configuration_id": "blob_refinement_v1_006"}
{"verification_candidate": 32, "planned": 45, "configuration_id": "blob_refinement_v1_004"}
{"verification_candidate": 33, "planned": 45, "configuration_id": "watershed_refinement_v1_005"}
{"verification_candidate": 34, "planned": 45, "configuration_id": "otsu_refinement_v1_003"}
{"verification_candidate": 35, "planned": 45, "configuration_id": "hybrid_threshold_refinement_v1_007"}
{"verification_candidate": 36, "planned": 45, "configuration_id": "otsu_refinement_v1_006"}
{"verification_candidate": 37, "planned": 45, "configuration_id": "blob_refinement_v1_003"}
{"verification_candidate": 38, "planned": 45, "configuration_id": "otsu_refinement_v1_007"}
{"verification_candidate": 39, "planned": 45, "configuration_id": "adaptive_threshold_refinement_v1_001"}
{"verification_candidate": 40, "planned": 45, "configuration_id": "adaptive_threshold_refinement_v1_007"}
{"verification_candidate": 41, "planned": 45, "configuration_id": "adaptive_threshold_refinement_v1_008"}
{"verification_candidate": 42, "planned": 45, "configuration_id": "adaptive_threshold_refinement_v1_010"}
{"verification_candidate": 43, "planned": 45, "configuration_id": "otsu_refinement_v1_002"}
{"verification_candidate": 44, "planned": 45, "configuration_id": "otsu_refinement_v1_008"}
{"verification_candidate": 45, "planned": 45, "configuration_id": "watershed_refinement_v1_003"}
{"status": "passed", "output": "C:\\Users\\leand\\Documents\\ufu\\2026_01\\TCC\\my_tcc\\data\\tests\\detection\\classical_refinement\\classical_detection_refinement_v1_20260911_batch__cfgbb5d8f3d\\refinement_smoke\\verification_20260911.json", "comparisons": 986937, "elapsed_seconds": 14.927494399999887}
