{"mode": "refinement", "completed": 1, "planned": 45, "family": "adaptive_threshold", "elapsed_seconds": 28.47}
{"mode": "refinement", "completed": 2, "planned": 45, "family": "hybrid_threshold", "elapsed_seconds": 39.54}
{"mode": "refinement", "completed": 3, "planned": 45, "family": "blob", "elapsed_seconds": 44.72}
{"mode": "refinement", "completed": 4, "planned": 45, "family": "adaptive_threshold", "elapsed_seconds": 56.73}
{"mode": "refinement", "completed": 5, "planned": 45, "family": "hybrid_threshold", "elapsed_seconds": 73.55}
{"mode": "refinement", "completed": 6, "planned": 45, "family": "adaptive_threshold", "elapsed_seconds": 79.87}
{"mode": "refinement", "completed": 7, "planned": 45, "family": "hybrid_threshold", "elapsed_seconds": 88.02}
{"mode": "refinement", "completed": 8, "planned": 45, "family": "blob", "elapsed_seconds": 90.54}
{"mode": "refinement", "completed": 9, "planned": 45, "family": "adaptive_threshold", "elapsed_seconds": 108.79}
{"mode": "refinement", "completed": 10, "planned": 45, "family": "otsu", "elapsed_seconds": 112.13}
{"mode": "refinement", "completed": 11, "planned": 45, "family": "blob", "elapsed_seconds": 114.87}
{"mode": "refinement", "completed": 12, "planned": 45, "family": "otsu", "elapsed_seconds": 118.19}
{"mode": "refinement", "completed": 13, "planned": 45, "family": "watershed", "elapsed_seconds": 130.28}
{"mode": "refinement", "completed": 14, "planned": 45, "family": "hybrid_threshold", "elapsed_seconds": 146.0}
{"mode": "refinement", "completed": 15, "planned": 45, "family": "adaptive_threshold", "elapsed_seconds": 153.36}
{"mode": "refinement", "completed": 16, "planned": 45, "family": "hybrid_threshold", "elapsed_seconds": 169.99}
{"mode": "refinement", "completed": 17, "planned": 45, "family": "hybrid_threshold", "elapsed_seconds": 188.07}
{"mode": "refinement", "completed": 18, "planned": 45, "family": "watershed", "elapsed_seconds": 202.88}
{"mode": "refinement", "completed": 19, "planned": 45, "family": "watershed", "elapsed_seconds": 218.42}
{"mode": "refinement", "completed": 20, "planned": 45, "family": "hybrid_threshold", "elapsed_seconds": 248.22}
{"mode": "refinement", "completed": 21, "planned": 45, "family": "adaptive_threshold", "elapsed_seconds": 278.87}
{"mode": "refinement", "completed": 22, "planned": 45, "family": "hybrid_threshold", "elapsed_seconds": 290.65}
{"mode": "refinement", "completed": 23, "planned": 45, "family": "adaptive_threshold", "elapsed_seconds": 296.42}
{"mode": "refinement", "completed": 24, "planned": 45, "family": "hybrid_threshold", "elapsed_seconds": 302.44}
{"mode": "refinement", "completed": 25, "planned": 45, "family": "hybrid_threshold", "elapsed_seconds": 332.68}
{"mode": "refinement", "completed": 26, "planned": 45, "family": "watershed", "elapsed_seconds": 348.81}
{"mode": "refinement", "completed": 27, "planned": 45, "family": "otsu", "elapsed_seconds": 352.48}
{"mode": "refinement", "completed": 28, "planned": 45, "family": "adaptive_threshold", "elapsed_seconds": 392.69}
{"mode": "refinement", "completed": 29, "planned": 45, "family": "adaptive_threshold", "elapsed_seconds": 407.34}
{"mode": "refinement", "completed": 30, "planned": 45, "family": "watershed", "elapsed_seconds": 425.7}
{"mode": "refinement", "completed": 31, "planned": 45, "family": "blob", "elapsed_seconds": 429.09}
{"mode": "refinement", "completed": 32, "planned": 45, "family": "blob", "elapsed_seconds": 433.66}
{"mode": "refinement", "completed": 33, "planned": 45, "family": "watershed", "elapsed_seconds": 445.14}
{"mode": "refinement", "completed": 34, "planned": 45, "family": "otsu", "elapsed_seconds": 448.16}
{"mode": "refinement", "completed": 35, "planned": 45, "family": "hybrid_threshold", "elapsed_seconds": 454.5}
{"mode": "refinement", "completed": 36, "planned": 45, "family": "otsu", "elapsed_seconds": 458.26}
{"mode": "refinement", "completed": 37, "planned": 45, "family": "blob", "elapsed_seconds": 460.24}
{"mode": "refinement", "completed": 38, "planned": 45, "family": "otsu", "elapsed_seconds": 463.85}
{"mode": "refinement", "completed": 39, "planned": 45, "family": "adaptive_threshold", "elapsed_seconds": 475.6}
{"mode": "refinement", "completed": 40, "planned": 45, "family": "adaptive_threshold", "elapsed_seconds": 479.92}
{"mode": "refinement", "completed": 41, "planned": 45, "family": "adaptive_threshold", "elapsed_seconds": 495.23}
{"mode": "refinement", "completed": 42, "planned": 45, "family": "adaptive_threshold", "elapsed_seconds": 503.9}
{"mode": "refinement", "completed": 43, "planned": 45, "family": "otsu", "elapsed_seconds": 507.48}
{"mode": "refinement", "completed": 44, "planned": 45, "family": "otsu", "elapsed_seconds": 510.58}
{"mode": "refinement", "completed": 45, "planned": 45, "family": "watershed", "elapsed_seconds": 524.43}
{"batch_manifest": "C:\\Users\\leand\\Documents\\ufu\\2026_01\\TCC\\my_tcc\\data\\tests\\detection\\classical_refinement\\classical_detection_refinement_v1_20260911_batch__cfgb8ebddfb\\refinement\\20260911T155556062315Z__ca68f16__cfgd1733d666bdc__srcf2ecb55da1__s42\\manifest.json", "mode": "refinement", "complete": true, "plan_hash": "89b2b7e88c99f16d7016d17a6197cba266ce53f0706d357b016473cc6e5b5d15", "sample_hash": "77ad9cbda76c03d61f3b28dd99520d0c1d6e285452929d847742bc6331473478", "completed_candidates": 45, "frames_per_candidate": 576, "frame_evaluations": 25920, "cache_validation_seconds": 4.46207079999931, "parent_validation_seconds": 2.9386078999996244, "candidate_loop_seconds": 523.538080700001, "selection_allowed": true, "promotion_allowed": false, "validation_released": false, "historical_threshold_reference_reexecuted": false, "parent_parity_controls": 10, "wall_seconds_limit": null, "candidate_artifact_bytes": 394820008, "interpretation": "training_finalists_not_promoted", "resource_samples": 26013, "ram_rss_peak_mb": 410.406, "vram_allocated_peak_mb": null, "vram_reserved_peak_mb": null}
