Verified 1500/23316 frames
Verified 3000/23316 frames
Verified 4500/23316 frames
Verified 6000/23316 frames
Verified 7500/23316 frames
Verified 9000/23316 frames
Verified 10500/23316 frames
Verified 12000/23316 frames
Verified 13500/23316 frames
Verified 15000/23316 frames
Verified 16500/23316 frames
Verified 18000/23316 frames
Verified 19500/23316 frames
Verified 21000/23316 frames
Verified 22500/23316 frames
{
  "status": "passed",
  "started_at": "2026-09-11T16:32:25.568447+00:00",
  "manifest": "C:\\Users\\leand\\Documents\\ufu\\2026_01\\TCC\\my_tcc\\data\\datasets\\yolo\\materialized\\yolo_dataset_v1_20260911__cfgfbd698da\\preparation\\20260911T161002135908Z__ca68f16__cfgf16cf2018592__srcf2ecb55da1__s42\\manifest.json",
  "manifest_sha256": "e13f65035d1ae90dcb2337a8942022d70a45cfbb926a611df21b83add2c8bf42",
  "verifier_sha256": "1a61368003f022f618a5a68ba47a465a294b132f817e1bd64f0e44225bf82447",
  "versions": {
    "opencv": "5.0.0",
    "numpy": "2.5.2"
  },
  "summary": {
    "run_bytes": 1514824657,
    "dataset_bytes": 1471015512,
    "counts": {
      "train": 17466,
      "val": 5850,
      "unlabeled": 174
    },
    "class_counts": {
      "0": 458327,
      "1": 13026,
      "2": 20376
    },
    "source_commit": "ca68f16ef5ca4ef8fae91b85cb8a00bc132bbd0d",
    "descriptor_files": 3,
    "copied_file_count": 46632,
    "source_pixels_decoded": false,
    "copied_jpegs_decoded": 23316,
    "legacy_cache_contents_opened": false,
    "test_sources_traversed": false,
    "scope": "independent_dataset_integrity_and_annotation_parity_not_training_quality"
  },
  "elapsed_seconds": 195.02705220000098,
  "files_checked": 116590,
  "comparisons": 8724385,
  "numeric_comparisons": 1966916,
  "annotation_rows": 491729,
  "exact_reference_frames": 23316,
  "tolerant_reference_frames": 0,
  "maximum_reference_difference": 0.0,
  "qa_peak_rss_mib": 255.7265625
}
